2026-05-01 21:02:06 [main] INFO  c.example.backend.BackendApplication - Starting BackendApplication using Java 17.0.18 with PID 26464 (D:\DATN\VietnamPhoto\backend\target\classes started by Tuna in D:\DATN\VietnamPhoto)
2026-05-01 21:02:06 [main] DEBUG c.example.backend.BackendApplication - Running with Spring Boot v4.0.3, Spring v7.0.5
2026-05-01 21:02:06 [main] INFO  c.example.backend.BackendApplication - No active profile set, falling back to 1 default profile: "default"
2026-05-01 21:02:06 [background-preinit] INFO  o.h.validator.internal.util.Version - HV000001: Hibernate Validator 9.0.1.Final
2026-05-01 21:02:07 [main] INFO  o.s.d.r.c.RepositoryConfigurationDelegate - Bootstrapping Spring Data JPA repositories in DEFAULT mode.
2026-05-01 21:02:07 [main] INFO  o.s.d.r.c.RepositoryConfigurationDelegate - Finished Spring Data repository scanning in 73 ms. Found 7 JPA repository interfaces.
2026-05-01 21:02:08 [main] INFO  o.s.boot.tomcat.TomcatWebServer - Tomcat initialized with port 8081 (http)
2026-05-01 21:02:08 [main] INFO  o.a.coyote.http11.Http11NioProtocol - Initializing ProtocolHandler ["http-nio-8081"]
2026-05-01 21:02:08 [main] INFO  o.a.catalina.core.StandardService - Starting service [Tomcat]
2026-05-01 21:02:08 [main] INFO  o.a.catalina.core.StandardEngine - Starting Servlet engine: [Apache Tomcat/11.0.18]
2026-05-01 21:02:08 [main] INFO  o.s.b.w.c.s.WebApplicationContextInitializer - Root WebApplicationContext: initialization completed in 2216 ms
2026-05-01 21:02:09 [main] DEBUG c.example.backend.config.JwtFilter - Filter 'jwtFilter' configured for use
2026-05-01 21:02:09 [main] INFO  org.hibernate.orm.jpa - HHH008540: Processing PersistenceUnitInfo [name: default]
2026-05-01 21:02:09 [main] INFO  org.hibernate.orm.core - HHH000001: Hibernate ORM core version 7.2.4.Final
2026-05-01 21:02:10 [main] INFO  o.s.o.j.p.SpringPersistenceUnitInfo - No LoadTimeWeaver setup: ignoring JPA class transformer
2026-05-01 21:02:10 [main] INFO  com.zaxxer.hikari.HikariDataSource - HikariPool-1 - Starting...
2026-05-01 21:02:11 [main] INFO  com.zaxxer.hikari.pool.HikariPool - HikariPool-1 - Added connection com.mysql.cj.jdbc.ConnectionImpl@53fc870f
2026-05-01 21:02:11 [main] INFO  com.zaxxer.hikari.HikariDataSource - HikariPool-1 - Start completed.
2026-05-01 21:02:11 [main] INFO  o.hibernate.orm.connections.pooling - HHH10001005: Database info:
	Database JDBC URL [jdbc:mysql://localhost:3306/VNScout]
	Database driver: MySQL Connector/J
	Database dialect: MySQLDialect
	Database version: 8.0.46
	Default catalog/schema: VNScout/undefined
	Autocommit mode: undefined/unknown
	Isolation level: REPEATABLE_READ [default REPEATABLE_READ]
	JDBC fetch size: none
	Pool: DataSourceConnectionProvider
	Minimum pool size: undefined/unknown
	Maximum pool size: undefined/unknown
2026-05-01 21:02:12 [main] INFO  org.hibernate.orm.core - HHH000489: No JTA platform available (set 'hibernate.transaction.jta.platform' to enable JTA platform integration)
2026-05-01 21:02:12 [main] INFO  o.s.o.j.LocalContainerEntityManagerFactoryBean - Initialized JPA EntityManagerFactory for persistence unit 'default'
2026-05-01 21:02:12 [main] INFO  o.s.d.j.r.q.QueryEnhancerFactories - Hibernate is in classpath; If applicable, HQL parser will be used.
2026-05-01 21:02:14 [main] WARN  o.s.b.j.a.JpaBaseConfiguration$JpaWebConfiguration - spring.jpa.open-in-view is enabled by default. Therefore, database queries may be performed during view rendering. Explicitly configure spring.jpa.open-in-view to disable this warning
2026-05-01 21:02:14 [main] WARN  o.s.b.s.a.UserDetailsServiceAutoConfiguration - 

Using generated security password: 241a1f25-062d-4c67-808c-55b021747dd7

This generated password is for development use only. Your security configuration must be updated before running your application in production.

2026-05-01 21:02:14 [main] INFO  o.s.s.c.a.a.c.InitializeUserDetailsBeanManagerConfigurer$InitializeUserDetailsManagerConfigurer - Global AuthenticationManager configured with UserDetailsService bean with name inMemoryUserDetailsManager
2026-05-01 21:02:15 [main] DEBUG o.s.s.web.DefaultSecurityFilterChain - Will secure any request with filters: DisableEncodeUrlFilter, WebAsyncManagerIntegrationFilter, SecurityContextHolderFilter, HeaderWriterFilter, CorsFilter, LogoutFilter, JwtFilter, RequestCacheAwareFilter, SecurityContextHolderAwareRequestFilter, AnonymousAuthenticationFilter, ExceptionTranslationFilter, AuthorizationFilter
2026-05-01 21:02:15 [main] INFO  o.a.coyote.http11.Http11NioProtocol - Starting ProtocolHandler ["http-nio-8081"]
2026-05-01 21:02:15 [main] INFO  o.s.boot.tomcat.TomcatWebServer - Tomcat started on port 8081 (http) with context path '/'
2026-05-01 21:02:15 [main] INFO  c.example.backend.BackendApplication - Started BackendApplication in 9.614 seconds (process running for 13.946)
2026-05-01 21:02:15 [main] INFO  c.e.b.c.BannedWordDataInitializer - Banned words already initialized. Skip import.
2026-05-01 21:02:53 [http-nio-8081-exec-1] INFO  o.a.c.c.C.[Tomcat].[localhost].[/] - Initializing Spring DispatcherServlet 'dispatcherServlet'
2026-05-01 21:02:53 [http-nio-8081-exec-1] INFO  o.s.web.servlet.DispatcherServlet - Initializing Servlet 'dispatcherServlet'
2026-05-01 21:02:53 [http-nio-8081-exec-1] INFO  o.s.web.servlet.DispatcherServlet - Completed initialization in 1 ms
2026-05-01 21:02:53 [http-nio-8081-exec-2] DEBUG o.s.security.web.FilterChainProxy - Securing OPTIONS /users/me
2026-05-01 21:02:53 [http-nio-8081-exec-1] DEBUG o.s.security.web.FilterChainProxy - Securing OPTIONS /api/locations
2026-05-01 21:02:53 [http-nio-8081-exec-1] WARN  o.s.w.s.h.HandlerMappingIntrospector - Cache miss for REQUEST dispatch to '/api/locations' (previous null). Performing CorsConfiguration lookup. This is logged once only at WARN level, and every time at TRACE.
2026-05-01 21:02:54 [http-nio-8081-exec-4] DEBUG o.s.security.web.FilterChainProxy - Securing GET /api/locations
2026-05-01 21:02:54 [http-nio-8081-exec-3] DEBUG o.s.security.web.FilterChainProxy - Securing GET /users/me
2026-05-01 21:02:54 [http-nio-8081-exec-4] DEBUG o.s.security.web.FilterChainProxy - Secured GET /api/locations
2026-05-01 21:02:54 [http-nio-8081-exec-3] DEBUG o.s.security.web.FilterChainProxy - Secured GET /users/me
2026-05-01 21:02:57 [http-nio-8081-exec-6] DEBUG o.s.security.web.FilterChainProxy - Securing OPTIONS /api/v1/posts/getAll
2026-05-01 21:02:57 [http-nio-8081-exec-5] DEBUG o.s.security.web.FilterChainProxy - Securing OPTIONS /api/locations/7a84b328-90c4-439b-b705-a3516a5e358f
2026-05-01 21:02:57 [http-nio-8081-exec-8] DEBUG o.s.security.web.FilterChainProxy - Securing OPTIONS /api/v1/posts/getAll
2026-05-01 21:02:57 [http-nio-8081-exec-7] DEBUG o.s.security.web.FilterChainProxy - Securing OPTIONS /api/locations/7a84b328-90c4-439b-b705-a3516a5e358f
2026-05-01 21:02:57 [http-nio-8081-exec-9] DEBUG o.s.security.web.FilterChainProxy - Securing GET /api/v1/posts/getAll
2026-05-01 21:02:57 [http-nio-8081-exec-10] DEBUG o.s.security.web.FilterChainProxy - Securing GET /api/locations/7a84b328-90c4-439b-b705-a3516a5e358f
2026-05-01 21:02:57 [http-nio-8081-exec-9] DEBUG o.s.security.web.FilterChainProxy - Secured GET /api/v1/posts/getAll
2026-05-01 21:02:57 [http-nio-8081-exec-10] DEBUG o.s.security.web.FilterChainProxy - Secured GET /api/locations/7a84b328-90c4-439b-b705-a3516a5e358f
2026-05-01 21:02:57 [http-nio-8081-exec-2] DEBUG o.s.security.web.FilterChainProxy - Securing GET /api/locations/7a84b328-90c4-439b-b705-a3516a5e358f
2026-05-01 21:02:57 [http-nio-8081-exec-2] DEBUG o.s.security.web.FilterChainProxy - Secured GET /api/locations/7a84b328-90c4-439b-b705-a3516a5e358f
2026-05-01 21:02:57 [http-nio-8081-exec-1] DEBUG o.s.security.web.FilterChainProxy - Securing GET /api/v1/posts/getAll
2026-05-01 21:02:57 [http-nio-8081-exec-1] DEBUG o.s.security.web.FilterChainProxy - Secured GET /api/v1/posts/getAll
2026-05-01 21:03:06 [http-nio-8081-exec-3] DEBUG o.s.security.web.FilterChainProxy - Securing OPTIONS /api/v1/posts/458b6199-b4d6-4507-a29e-04497bce7150
2026-05-01 21:03:06 [http-nio-8081-exec-4] DEBUG o.s.security.web.FilterChainProxy - Securing OPTIONS /api/v1/posts/458b6199-b4d6-4507-a29e-04497bce7150
2026-05-01 21:03:06 [http-nio-8081-exec-6] DEBUG o.s.security.web.FilterChainProxy - Securing GET /api/v1/posts/458b6199-b4d6-4507-a29e-04497bce7150
2026-05-01 21:03:06 [http-nio-8081-exec-6] DEBUG o.s.security.web.FilterChainProxy - Secured GET /api/v1/posts/458b6199-b4d6-4507-a29e-04497bce7150
2026-05-01 21:03:06 [http-nio-8081-exec-6] DEBUG o.s.security.web.FilterChainProxy - Securing GET /api/v1/posts/458b6199-b4d6-4507-a29e-04497bce7150
2026-05-01 21:03:06 [http-nio-8081-exec-6] DEBUG o.s.security.web.FilterChainProxy - Secured GET /api/v1/posts/458b6199-b4d6-4507-a29e-04497bce7150
2026-05-01 21:03:17 [http-nio-8081-exec-2] DEBUG o.s.security.web.FilterChainProxy - Securing OPTIONS /users/getall
2026-05-01 21:03:17 [http-nio-8081-exec-5] DEBUG o.s.security.web.FilterChainProxy - Securing OPTIONS /users/getall
2026-05-01 21:03:17 [http-nio-8081-exec-7] DEBUG o.s.security.web.FilterChainProxy - Securing OPTIONS /api/v1/tags
2026-05-01 21:03:17 [http-nio-8081-exec-10] DEBUG o.s.security.web.FilterChainProxy - Securing GET /api/v1/posts/getAll
2026-05-01 21:03:17 [http-nio-8081-exec-9] DEBUG o.s.security.web.FilterChainProxy - Securing OPTIONS /api/v1/tags
2026-05-01 21:03:17 [http-nio-8081-exec-10] DEBUG o.s.security.web.FilterChainProxy - Secured GET /api/v1/posts/getAll
2026-05-01 21:03:17 [http-nio-8081-exec-1] DEBUG o.s.security.web.FilterChainProxy - Securing GET /users/getall
2026-05-01 21:03:17 [http-nio-8081-exec-4] DEBUG o.s.security.web.FilterChainProxy - Securing GET /api/v1/tags
2026-05-01 21:03:17 [http-nio-8081-exec-4] DEBUG o.s.security.web.FilterChainProxy - Secured GET /api/v1/tags
2026-05-01 21:03:17 [http-nio-8081-exec-1] DEBUG o.s.security.web.FilterChainProxy - Secured GET /users/getall
2026-05-01 21:03:17 [http-nio-8081-exec-3] DEBUG o.s.security.web.FilterChainProxy - Securing GET /users/getall
2026-05-01 21:03:17 [http-nio-8081-exec-8] DEBUG o.s.security.web.FilterChainProxy - Securing GET /api/v1/tags
2026-05-01 21:03:17 [http-nio-8081-exec-3] DEBUG o.s.security.web.FilterChainProxy - Secured GET /users/getall
2026-05-01 21:03:17 [http-nio-8081-exec-8] DEBUG o.s.security.web.FilterChainProxy - Secured GET /api/v1/tags
2026-05-01 21:03:17 [http-nio-8081-exec-10] DEBUG o.s.security.web.FilterChainProxy - Securing GET /api/v1/posts/getAll
2026-05-01 21:03:17 [http-nio-8081-exec-10] DEBUG o.s.security.web.FilterChainProxy - Secured GET /api/v1/posts/getAll
2026-05-01 21:03:21 [http-nio-8081-exec-7] DEBUG o.s.security.web.FilterChainProxy - Securing OPTIONS /api/v1/posts/47c33444-7d98-40de-9644-69a02a0ece03
2026-05-01 21:03:21 [http-nio-8081-exec-2] DEBUG o.s.security.web.FilterChainProxy - Securing OPTIONS /api/v1/posts/47c33444-7d98-40de-9644-69a02a0ece03
2026-05-01 21:03:21 [http-nio-8081-exec-5] DEBUG o.s.security.web.FilterChainProxy - Securing GET /api/v1/posts/47c33444-7d98-40de-9644-69a02a0ece03
2026-05-01 21:03:21 [http-nio-8081-exec-5] DEBUG o.s.security.web.FilterChainProxy - Secured GET /api/v1/posts/47c33444-7d98-40de-9644-69a02a0ece03
2026-05-01 21:03:21 [http-nio-8081-exec-9] DEBUG o.s.security.web.FilterChainProxy - Securing GET /api/v1/posts/47c33444-7d98-40de-9644-69a02a0ece03
2026-05-01 21:03:21 [http-nio-8081-exec-9] DEBUG o.s.security.web.FilterChainProxy - Secured GET /api/v1/posts/47c33444-7d98-40de-9644-69a02a0ece03
2026-05-01 21:03:28 [http-nio-8081-exec-4] DEBUG o.s.security.web.FilterChainProxy - Securing GET /users/getall
2026-05-01 21:03:28 [http-nio-8081-exec-1] DEBUG o.s.security.web.FilterChainProxy - Securing GET /api/v1/posts/getAll
2026-05-01 21:03:28 [http-nio-8081-exec-4] DEBUG o.s.security.web.FilterChainProxy - Secured GET /users/getall
2026-05-01 21:03:28 [http-nio-8081-exec-1] DEBUG o.s.security.web.FilterChainProxy - Secured GET /api/v1/posts/getAll
2026-05-01 21:03:28 [http-nio-8081-exec-3] DEBUG o.s.security.web.FilterChainProxy - Securing GET /api/v1/tags
2026-05-01 21:03:28 [http-nio-8081-exec-3] DEBUG o.s.security.web.FilterChainProxy - Secured GET /api/v1/tags
2026-05-01 21:03:28 [http-nio-8081-exec-8] DEBUG o.s.security.web.FilterChainProxy - Securing GET /users/getall
2026-05-01 21:03:28 [http-nio-8081-exec-8] DEBUG o.s.security.web.FilterChainProxy - Secured GET /users/getall
2026-05-01 21:03:28 [http-nio-8081-exec-6] DEBUG o.s.security.web.FilterChainProxy - Securing GET /api/v1/tags
2026-05-01 21:03:28 [http-nio-8081-exec-6] DEBUG o.s.security.web.FilterChainProxy - Secured GET /api/v1/tags
2026-05-01 21:03:28 [http-nio-8081-exec-10] DEBUG o.s.security.web.FilterChainProxy - Securing GET /api/v1/posts/getAll
2026-05-01 21:03:28 [http-nio-8081-exec-10] DEBUG o.s.security.web.FilterChainProxy - Secured GET /api/v1/posts/getAll
2026-05-01 21:03:36 [http-nio-8081-exec-7] DEBUG o.s.security.web.FilterChainProxy - Securing GET /api/locations
2026-05-01 21:03:36 [http-nio-8081-exec-7] DEBUG o.s.security.web.FilterChainProxy - Secured GET /api/locations
2026-05-01 21:03:36 [http-nio-8081-exec-2] DEBUG o.s.security.web.FilterChainProxy - Securing GET /api/locations
2026-05-01 21:03:36 [http-nio-8081-exec-2] DEBUG o.s.security.web.FilterChainProxy - Secured GET /api/locations
2026-05-01 21:03:38 [http-nio-8081-exec-5] DEBUG o.s.security.web.FilterChainProxy - Securing GET /api/v1/posts/getAll
2026-05-01 21:03:38 [http-nio-8081-exec-9] DEBUG o.s.security.web.FilterChainProxy - Securing GET /users/getall
2026-05-01 21:03:38 [http-nio-8081-exec-4] DEBUG o.s.security.web.FilterChainProxy - Securing GET /api/v1/tags
2026-05-01 21:03:38 [http-nio-8081-exec-5] DEBUG o.s.security.web.FilterChainProxy - Secured GET /api/v1/posts/getAll
2026-05-01 21:03:38 [http-nio-8081-exec-4] DEBUG o.s.security.web.FilterChainProxy - Secured GET /api/v1/tags
2026-05-01 21:03:38 [http-nio-8081-exec-9] DEBUG o.s.security.web.FilterChainProxy - Secured GET /users/getall
2026-05-01 21:03:38 [http-nio-8081-exec-3] DEBUG o.s.security.web.FilterChainProxy - Securing GET /api/v1/tags
2026-05-01 21:03:38 [http-nio-8081-exec-8] DEBUG o.s.security.web.FilterChainProxy - Securing GET /users/getall
2026-05-01 21:03:38 [http-nio-8081-exec-8] DEBUG o.s.security.web.FilterChainProxy - Secured GET /users/getall
2026-05-01 21:03:38 [http-nio-8081-exec-3] DEBUG o.s.security.web.FilterChainProxy - Secured GET /api/v1/tags
2026-05-01 21:03:39 [http-nio-8081-exec-6] DEBUG o.s.security.web.FilterChainProxy - Securing GET /api/v1/posts/getAll
2026-05-01 21:03:39 [http-nio-8081-exec-6] DEBUG o.s.security.web.FilterChainProxy - Secured GET /api/v1/posts/getAll
2026-05-01 21:04:23 [http-nio-8081-exec-10] DEBUG o.s.security.web.FilterChainProxy - Securing OPTIONS /api/v1/posts/08050bbb-abd0-4294-ac5d-9f2d58c7540d
2026-05-01 21:04:23 [http-nio-8081-exec-7] DEBUG o.s.security.web.FilterChainProxy - Securing OPTIONS /api/v1/posts/08050bbb-abd0-4294-ac5d-9f2d58c7540d
2026-05-01 21:04:23 [http-nio-8081-exec-2] DEBUG o.s.security.web.FilterChainProxy - Securing GET /api/v1/posts/08050bbb-abd0-4294-ac5d-9f2d58c7540d
2026-05-01 21:04:23 [http-nio-8081-exec-2] DEBUG o.s.security.web.FilterChainProxy - Secured GET /api/v1/posts/08050bbb-abd0-4294-ac5d-9f2d58c7540d
2026-05-01 21:04:23 [http-nio-8081-exec-4] DEBUG o.s.security.web.FilterChainProxy - Securing GET /api/v1/posts/08050bbb-abd0-4294-ac5d-9f2d58c7540d
2026-05-01 21:04:23 [http-nio-8081-exec-4] DEBUG o.s.security.web.FilterChainProxy - Secured GET /api/v1/posts/08050bbb-abd0-4294-ac5d-9f2d58c7540d
2026-05-01 21:04:48 [http-nio-8081-exec-8] DEBUG o.s.security.web.FilterChainProxy - Securing GET /api/locations
2026-05-01 21:04:48 [http-nio-8081-exec-8] DEBUG o.s.security.web.FilterChainProxy - Secured GET /api/locations
2026-05-01 21:04:48 [http-nio-8081-exec-5] DEBUG o.s.security.web.FilterChainProxy - Securing GET /api/locations
2026-05-01 21:04:48 [http-nio-8081-exec-5] DEBUG o.s.security.web.FilterChainProxy - Secured GET /api/locations
2026-05-01 21:04:56 [SpringApplicationShutdownHook] INFO  o.s.boot.tomcat.GracefulShutdown - Commencing graceful shutdown. Waiting for active requests to complete
2026-05-01 21:04:56 [tomcat-shutdown] INFO  o.s.boot.tomcat.GracefulShutdown - Graceful shutdown complete
2026-05-01 21:04:56 [SpringApplicationShutdownHook] INFO  o.s.o.j.LocalContainerEntityManagerFactoryBean - Closing JPA EntityManagerFactory for persistence unit 'default'
2026-05-01 21:04:56 [SpringApplicationShutdownHook] INFO  com.zaxxer.hikari.HikariDataSource - HikariPool-1 - Shutdown initiated...
2026-05-01 21:04:56 [SpringApplicationShutdownHook] INFO  com.zaxxer.hikari.HikariDataSource - HikariPool-1 - Shutdown completed.
